<?xml version="1.0" encoding="ISO-8859-1" ?>
<link_info>
   <banner>TI ARM Linker PC v20.2.0.LTS</banner>
   <copyright>Copyright (c) 1996-2018 Texas Instruments Incorporated</copyright>
   <link_time>0x5ec29a1a</link_time>
   <link_errors>0x0</link_errors>
   <output_file>usb_dev_gamepad.out</output_file>
   <entry_point>
      <name>_c_int00_noargs</name>
      <address>0x3135</address>
   </entry_point>
   <input_file_list>
      <input_file id="fl-2">
         <path>.\</path>
         <kind>object</kind>
         <file>startup_ccs.obj</file>
         <name>startup_ccs.obj</name>
      </input_file>
      <input_file id="fl-3">
         <path>.\</path>
         <kind>object</kind>
         <file>usb_dev_gamepad.obj</file>
         <name>usb_dev_gamepad.obj</name>
      </input_file>
      <input_file id="fl-4">
         <path>.\</path>
         <kind>object</kind>
         <file>usb_gamepad_structs.obj</file>
         <name>usb_gamepad_structs.obj</name>
      </input_file>
      <input_file id="fl-5">
         <path>.\drivers\</path>
         <kind>object</kind>
         <file>buttons.obj</file>
         <name>buttons.obj</name>
      </input_file>
      <input_file id="fl-6">
         <path>.\utils\</path>
         <kind>object</kind>
         <file>uartstdio.obj</file>
         <name>uartstdio.obj</name>
      </input_file>
      <input_file id="fl-c">
         <kind>object</kind>
         <file>&lt;internal&gt;</file>
         <name>&lt;internal&gt;</name>
      </input_file>
      <input_file id="fl-c2">
         <path>C:\ti\ccs1000\ccs\tools\compiler\ti-cgt-arm_20.2.0.LTS\lib\</path>
         <kind>archive</kind>
         <file>rtsv7M4_T_le_v4SPD16_eabi.lib</file>
         <name>u_divt2.asm.obj</name>
      </input_file>
      <input_file id="fl-c3">
         <path>C:\ti\ccs1000\ccs\tools\compiler\ti-cgt-arm_20.2.0.LTS\lib\</path>
         <kind>archive</kind>
         <file>rtsv7M4_T_le_v4SPD16_eabi.lib</file>
         <name>copy_zero_init.c.obj</name>
      </input_file>
      <input_file id="fl-c4">
         <path>C:\ti\ccs1000\ccs\tools\compiler\ti-cgt-arm_20.2.0.LTS\lib\</path>
         <kind>archive</kind>
         <file>rtsv7M4_T_le_v4SPD16_eabi.lib</file>
         <name>copy_decompress_none.c.obj</name>
      </input_file>
      <input_file id="fl-c5">
         <path>C:\ti\ccs1000\ccs\tools\compiler\ti-cgt-arm_20.2.0.LTS\lib\</path>
         <kind>archive</kind>
         <file>rtsv7M4_T_le_v4SPD16_eabi.lib</file>
         <name>copy_decompress_lzss.c.obj</name>
      </input_file>
      <input_file id="fl-c6">
         <path>C:\ti\ccs1000\ccs\tools\compiler\ti-cgt-arm_20.2.0.LTS\lib\</path>
         <kind>archive</kind>
         <file>rtsv7M4_T_le_v4SPD16_eabi.lib</file>
         <name>boot_cortex_m.c.obj</name>
      </input_file>
      <input_file id="fl-c7">
         <path>C:\ti\ccs1000\ccs\tools\compiler\ti-cgt-arm_20.2.0.LTS\lib\</path>
         <kind>archive</kind>
         <file>rtsv7M4_T_le_v4SPD16_eabi.lib</file>
         <name>div0.asm.obj</name>
      </input_file>
      <input_file id="fl-c8">
         <path>C:\ti\ccs1000\ccs\tools\compiler\ti-cgt-arm_20.2.0.LTS\lib\</path>
         <kind>archive</kind>
         <file>rtsv7M4_T_le_v4SPD16_eabi.lib</file>
         <name>memcpy_t2.asm.obj</name>
      </input_file>
      <input_file id="fl-c9">
         <path>C:\ti\ccs1000\ccs\tools\compiler\ti-cgt-arm_20.2.0.LTS\lib\</path>
         <kind>archive</kind>
         <file>rtsv7M4_T_le_v4SPD16_eabi.lib</file>
         <name>memset_t2.asm.obj</name>
      </input_file>
      <input_file id="fl-ca">
         <path>C:\ti\ccs1000\ccs\tools\compiler\ti-cgt-arm_20.2.0.LTS\lib\</path>
         <kind>archive</kind>
         <file>rtsv7M4_T_le_v4SPD16_eabi.lib</file>
         <name>autoinit.c.obj</name>
      </input_file>
      <input_file id="fl-cb">
         <path>C:\ti\ccs1000\ccs\tools\compiler\ti-cgt-arm_20.2.0.LTS\lib\</path>
         <kind>archive</kind>
         <file>rtsv7M4_T_le_v4SPD16_eabi.lib</file>
         <name>pre_init.c.obj</name>
      </input_file>
      <input_file id="fl-cc">
         <path>C:\ti\ccs1000\ccs\tools\compiler\ti-cgt-arm_20.2.0.LTS\lib\</path>
         <kind>archive</kind>
         <file>rtsv7M4_T_le_v4SPD16_eabi.lib</file>
         <name>cpy_tbl.c.obj</name>
      </input_file>
      <input_file id="fl-cd">
         <path>C:\ti\ccs1000\ccs\tools\compiler\ti-cgt-arm_20.2.0.LTS\lib\</path>
         <kind>archive</kind>
         <file>rtsv7M4_T_le_v4SPD16_eabi.lib</file>
         <name>exit.c.obj</name>
      </input_file>
      <input_file id="fl-ce">
         <path>C:\ti\ccs1000\ccs\tools\compiler\ti-cgt-arm_20.2.0.LTS\lib\</path>
         <kind>archive</kind>
         <file>rtsv7M4_T_le_v4SPD16_eabi.lib</file>
         <name>_lock.c.obj</name>
      </input_file>
      <input_file id="fl-cf">
         <path>C:\ti\ccs1000\ccs\tools\compiler\ti-cgt-arm_20.2.0.LTS\lib\</path>
         <kind>archive</kind>
         <file>rtsv7M4_T_le_v4SPD16_eabi.lib</file>
         <name>args_main.c.obj</name>
      </input_file>
      <input_file id="fl-d0">
         <path>C:\ti\tivaware_c_series_2_1_4_178\driverlib\ccs\Debug\</path>
         <kind>archive</kind>
         <file>driverlib.lib</file>
         <name>adc.obj</name>
      </input_file>
      <input_file id="fl-d1">
         <path>C:\ti\tivaware_c_series_2_1_4_178\driverlib\ccs\Debug\</path>
         <kind>archive</kind>
         <file>driverlib.lib</file>
         <name>interrupt.obj</name>
      </input_file>
      <input_file id="fl-d2">
         <path>C:\ti\tivaware_c_series_2_1_4_178\driverlib\ccs\Debug\</path>
         <kind>archive</kind>
         <file>driverlib.lib</file>
         <name>sysctl.obj</name>
      </input_file>
      <input_file id="fl-d3">
         <path>C:\ti\tivaware_c_series_2_1_4_178\driverlib\ccs\Debug\</path>
         <kind>archive</kind>
         <file>driverlib.lib</file>
         <name>uart.obj</name>
      </input_file>
      <input_file id="fl-d4">
         <path>C:\ti\tivaware_c_series_2_1_4_178\driverlib\ccs\Debug\</path>
         <kind>archive</kind>
         <file>driverlib.lib</file>
         <name>cpu.obj</name>
      </input_file>
      <input_file id="fl-d5">
         <path>C:\ti\tivaware_c_series_2_1_4_178\usblib\ccs\Debug\</path>
         <kind>archive</kind>
         <file>usblib.lib</file>
         <name>usbmode.obj</name>
      </input_file>
      <input_file id="fl-d6">
         <path>C:\ti\tivaware_c_series_2_1_4_178\usblib\ccs\Debug\</path>
         <kind>archive</kind>
         <file>usblib.lib</file>
         <name>usbtick.obj</name>
      </input_file>
      <input_file id="fl-d7">
         <path>C:\ti\tivaware_c_series_2_1_4_178\usblib\ccs\Debug\</path>
         <kind>archive</kind>
         <file>usblib.lib</file>
         <name>usbhostenum.obj</name>
      </input_file>
      <input_file id="fl-d8">
         <path>C:\ti\tivaware_c_series_2_1_4_178\usblib\ccs\Debug\</path>
         <kind>archive</kind>
         <file>usblib.lib</file>
         <name>usbdenum.obj</name>
      </input_file>
      <input_file id="fl-d9">
         <path>C:\ti\tivaware_c_series_2_1_4_178\usblib\ccs\Debug\</path>
         <kind>archive</kind>
         <file>usblib.lib</file>
         <name>usbdhandler.obj</name>
      </input_file>
      <input_file id="fl-da">
         <path>C:\ti\tivaware_c_series_2_1_4_178\usblib\ccs\Debug\</path>
         <kind>archive</kind>
         <file>usblib.lib</file>
         <name>usbdhidgamepad.obj</name>
      </input_file>
      <input_file id="fl-db">
         <path>C:\ti\tivaware_c_series_2_1_4_178\usblib\ccs\Debug\</path>
         <kind>archive</kind>
         <file>usblib.lib</file>
         <name>usbdesc.obj</name>
      </input_file>
      <input_file id="fl-dc">
         <path>C:\ti\tivaware_c_series_2_1_4_178\usblib\ccs\Debug\</path>
         <kind>archive</kind>
         <file>usblib.lib</file>
         <name>usbdma.obj</name>
      </input_file>
      <input_file id="fl-dd">
         <path>C:\ti\tivaware_c_series_2_1_4_178\usblib\ccs\Debug\</path>
         <kind>archive</kind>
         <file>usblib.lib</file>
         <name>usbulpi.obj</name>
      </input_file>
      <input_file id="fl-de">
         <path>C:\ti\tivaware_c_series_2_1_4_178\usblib\ccs\Debug\</path>
         <kind>archive</kind>
         <file>usblib.lib</file>
         <name>usbhhub.obj</name>
      </input_file>
      <input_file id="fl-df">
         <path>C:\ti\tivaware_c_series_2_1_4_178\usblib\ccs\Debug\</path>
         <kind>archive</kind>
         <file>usblib.lib</file>
         <name>usbdcdesc.obj</name>
      </input_file>
      <input_file id="fl-e0">
         <path>C:\ti\tivaware_c_series_2_1_4_178\usblib\ccs\Debug\</path>
         <kind>archive</kind>
         <file>usblib.lib</file>
         <name>usbdconfig.obj</name>
      </input_file>
      <input_file id="fl-e1">
         <path>C:\ti\tivaware_c_series_2_1_4_178\usblib\ccs\Debug\</path>
         <kind>archive</kind>
         <file>usblib.lib</file>
         <name>usbdhid.obj</name>
      </input_file>
      <input_file id="fl-e2">
         <path>C:\ti\tivaware_c_series_2_1_4_178\driverlib\ccs\Debug\</path>
         <kind>archive</kind>
         <file>driverlib.lib</file>
         <name>udma.obj</name>
      </input_file>
      <input_file id="fl-e3">
         <path>C:\ti\tivaware_c_series_2_1_4_178\driverlib\ccs\Debug\</path>
         <kind>archive</kind>
         <file>driverlib.lib</file>
         <name>usb.obj</name>
      </input_file>
   </input_file_list>
   <object_component_list>
      <object_component id="oc-12">
         <name>.intvecs</name>
         <load_address>0x0</load_address>
         <run_address>0x0</run_address>
         <size>0x26c</size>
         <input_file_ref idref="fl-2"/>
      </object_component>
      <object_component id="oc-f5">
         <name>.text:main</name>
         <load_address>0x26c</load_address>
         <run_address>0x26c</run_address>
         <size>0x2b4</size>
         <input_file_ref idref="fl-3"/>
      </object_component>
      <object_component id="oc-281">
         <name>.text:UARTvprintf</name>
         <load_address>0x520</load_address>
         <run_address>0x520</run_address>
         <size>0x1ee</size>
         <input_file_ref idref="fl-6"/>
      </object_component>
      <object_component id="oc-33">
         <name>.text:FaultISR</name>
         <load_address>0x70e</load_address>
         <run_address>0x70e</run_address>
         <size>0x2</size>
         <input_file_ref idref="fl-2"/>
      </object_component>
      <object_component id="oc-3f">
         <name>.text:UARTStdioIntHandler</name>
         <load_address>0x710</load_address>
         <run_address>0x710</run_address>
         <size>0x160</size>
         <input_file_ref idref="fl-6"/>
      </object_component>
      <object_component id="oc-4e5">
         <name>.text:USBLibDMAInit</name>
         <load_address>0x870</load_address>
         <run_address>0x870</run_address>
         <size>0x160</size>
         <input_file_ref idref="fl-dc"/>
      </object_component>
      <object_component id="oc-397">
         <name>.text:USBDCDInit</name>
         <load_address>0x9d0</load_address>
         <run_address>0x9d0</run_address>
         <size>0x150</size>
         <input_file_ref idref="fl-d8"/>
      </object_component>
      <object_component id="oc-254">
         <name>.text:USBDEP0StateTxConfig</name>
         <load_address>0xb20</load_address>
         <run_address>0xb20</run_address>
         <size>0x150</size>
         <input_file_ref idref="fl-d8"/>
      </object_component>
      <object_component id="oc-c1">
         <name>.text:USBDeviceIntHandlerInternal</name>
         <load_address>0xc70</load_address>
         <run_address>0xc70</run_address>
         <size>0x150</size>
         <input_file_ref idref="fl-d8"/>
      </object_component>
      <object_component id="oc-53c">
         <name>.text:USBDeviceConfig</name>
         <load_address>0xdc0</load_address>
         <run_address>0xdc0</run_address>
         <size>0x148</size>
         <input_file_ref idref="fl-e0"/>
      </object_component>
      <object_component id="oc-17e">
         <name>.text:ButtonsInit</name>
         <load_address>0xf08</load_address>
         <run_address>0xf08</run_address>
         <size>0x134</size>
         <input_file_ref idref="fl-5"/>
      </object_component>
      <object_component id="oc-56c">
         <name>.text:HandleRequest</name>
         <load_address>0x103c</load_address>
         <run_address>0x103c</run_address>
         <size>0x114</size>
         <input_file_ref idref="fl-e1"/>
      </object_component>
      <object_component id="oc-655">
         <name>.text:iDMAUSBTransfer</name>
         <load_address>0x1150</load_address>
         <run_address>0x1150</run_address>
         <size>0xf4</size>
         <input_file_ref idref="fl-dc"/>
      </object_component>
      <object_component id="oc-428">
         <name>.text:USBDGetDescriptor</name>
         <load_address>0x1244</load_address>
         <run_address>0x1244</run_address>
         <size>0xe4</size>
         <input_file_ref idref="fl-d8"/>
      </object_component>
      <object_component id="oc-381">
         <name>.text:USBDHIDCompositeInit</name>
         <load_address>0x1328</load_address>
         <run_address>0x1328</run_address>
         <size>0xe0</size>
         <input_file_ref idref="fl-e1"/>
      </object_component>
      <object_component id="oc-143">
         <name>.text:USBDeviceEnumHandler</name>
         <load_address>0x1408</load_address>
         <run_address>0x1408</run_address>
         <size>0xd8</size>
         <input_file_ref idref="fl-d8"/>
      </object_component>
      <object_component id="oc-19c">
         <name>.text:ButtonsPoll</name>
         <load_address>0x14e0</load_address>
         <run_address>0x14e0</run_address>
         <size>0xc8</size>
         <input_file_ref idref="fl-5"/>
      </object_component>
      <object_component id="oc-5e3">
         <name>.text:uDMAUSBChannelAllocate</name>
         <load_address>0x15a8</load_address>
         <run_address>0x15a8</run_address>
         <size>0xc4</size>
         <input_file_ref idref="fl-dc"/>
      </object_component>
      <object_component id="oc-2ea">
         <name>.text:GamepadHandler</name>
         <load_address>0x166c</load_address>
         <run_address>0x166c</run_address>
         <size>0xc0</size>
         <input_file_ref idref="fl-3"/>
      </object_component>
      <object_component id="oc-625">
         <name>.text:uDMAUSBTransfer</name>
         <load_address>0x172c</load_address>
         <run_address>0x172c</run_address>
         <size>0xbc</size>
         <input_file_ref idref="fl-dc"/>
      </object_component>
      <object_component id="oc-27a">
         <name>.text:UARTStdioConfig</name>
         <load_address>0x17e8</load_address>
         <run_address>0x17e8</run_address>
         <size>0xb0</size>
         <input_file_ref idref="fl-6"/>
      </object_component>
      <object_component id="oc-9b">
         <name>.text:UARTwrite</name>
         <load_address>0x1898</load_address>
         <run_address>0x1898</run_address>
         <size>0xa8</size>
         <input_file_ref idref="fl-6"/>
      </object_component>
      <object_component id="oc-59">
         <name>.text</name>
         <load_address>0x1940</load_address>
         <run_address>0x1940</run_address>
         <size>0x9c</size>
         <input_file_ref idref="fl-c8"/>
      </object_component>
      <object_component id="oc-29b">
         <name>.text:USBDHIDGamepadCompositeInit</name>
         <load_address>0x19dc</load_address>
         <run_address>0x19dc</run_address>
         <size>0x98</size>
         <input_file_ref idref="fl-da"/>
      </object_component>
      <object_component id="oc-446">
         <name>.text:USBDSetInterface</name>
         <load_address>0x1a74</load_address>
         <run_address>0x1a74</run_address>
         <size>0x98</size>
         <input_file_ref idref="fl-d8"/>
      </object_component>
      <object_component id="oc-184">
         <name>.text:ADCInit</name>
         <load_address>0x1b0c</load_address>
         <run_address>0x1b0c</run_address>
         <size>0x90</size>
         <input_file_ref idref="fl-3"/>
      </object_component>
      <object_component id="oc-43a">
         <name>.text:USBDSetConfiguration</name>
         <load_address>0x1b9c</load_address>
         <run_address>0x1b9c</run_address>
         <size>0x90</size>
         <input_file_ref idref="fl-d8"/>
      </object_component>
      <object_component id="oc-8f">
         <name>.text:UARTPrimeTransmit</name>
         <load_address>0x1c2c</load_address>
         <run_address>0x1c2c</run_address>
         <size>0x8c</size>
         <input_file_ref idref="fl-6"/>
      </object_component>
      <object_component id="oc-550">
         <name>.text:USBDeviceConfigAlternate</name>
         <load_address>0x1cb8</load_address>
         <run_address>0x1cb8</run_address>
         <size>0x8c</size>
         <input_file_ref idref="fl-e0"/>
      </object_component>
      <object_component id="oc-38d">
         <name>.text:HIDGamepadRxHandler</name>
         <load_address>0x1d44</load_address>
         <run_address>0x1d44</run_address>
         <size>0x88</size>
         <input_file_ref idref="fl-da"/>
      </object_component>
      <object_component id="oc-5ac">
         <name>.text:ProcessIdleTimers</name>
         <load_address>0x1dcc</load_address>
         <run_address>0x1dcc</run_address>
         <size>0x88</size>
         <input_file_ref idref="fl-e1"/>
      </object_component>
      <object_component id="oc-637">
         <name>.text:iDMAUSBChannelAllocate</name>
         <load_address>0x1e54</load_address>
         <run_address>0x1e54</run_address>
         <size>0x84</size>
         <input_file_ref idref="fl-dc"/>
      </object_component>
      <object_component id="oc-741">
         <name>.text:uDMAChannelTransferSet</name>
         <load_address>0x1ed8</load_address>
         <run_address>0x1ed8</run_address>
         <size>0x84</size>
         <input_file_ref idref="fl-e2"/>
      </object_component>
      <object_component id="oc-416">
         <name>.text:USBDClearFeature</name>
         <load_address>0x1f5c</load_address>
         <run_address>0x1f5c</run_address>
         <size>0x80</size>
         <input_file_ref idref="fl-d8"/>
      </object_component>
      <object_component id="oc-68b">
         <name>.text:USBDevEndpointConfigSet</name>
         <load_address>0x1fdc</load_address>
         <run_address>0x1fdc</run_address>
         <size>0x7a</size>
         <input_file_ref idref="fl-e3"/>
      </object_component>
      <object_component id="oc-e9">
         <name>.text</name>
         <load_address>0x2056</load_address>
         <run_address>0x2056</run_address>
         <size>0x7a</size>
         <input_file_ref idref="fl-c9"/>
      </object_component>
      <object_component id="oc-410">
         <name>.text:USBDGetStatus</name>
         <load_address>0x20d0</load_address>
         <run_address>0x20d0</run_address>
         <size>0x78</size>
         <input_file_ref idref="fl-d8"/>
      </object_component>
      <object_component id="oc-25a">
         <name>.text:USBDEP0StateTx</name>
         <load_address>0x2148</load_address>
         <run_address>0x2148</run_address>
         <size>0x70</size>
         <input_file_ref idref="fl-d8"/>
      </object_component>
      <object_component id="oc-5dd">
         <name>.text:uDMAUSBArbSizeSet</name>
         <load_address>0x21b8</load_address>
         <run_address>0x21b8</run_address>
         <size>0x70</size>
         <input_file_ref idref="fl-dc"/>
      </object_component>
      <object_component id="oc-62b">
         <name>.text:uDMAUSBUnitSizeSet</name>
         <load_address>0x2228</load_address>
         <run_address>0x2228</run_address>
         <size>0x70</size>
         <input_file_ref idref="fl-dc"/>
      </object_component>
      <object_component id="oc-41c">
         <name>.text:USBDSetFeature</name>
         <load_address>0x2298</load_address>
         <run_address>0x2298</run_address>
         <size>0x6c</size>
         <input_file_ref idref="fl-d8"/>
      </object_component>
      <object_component id="oc-71a">
         <name>.text:IntDisable</name>
         <load_address>0x2304</load_address>
         <run_address>0x2304</run_address>
         <size>0x68</size>
         <input_file_ref idref="fl-d1"/>
      </object_component>
      <object_component id="oc-4fd">
         <name>.text:IntEnable</name>
         <load_address>0x236c</load_address>
         <run_address>0x236c</run_address>
         <size>0x68</size>
         <input_file_ref idref="fl-d1"/>
      </object_component>
      <object_component id="oc-15">
         <name>.text:decompress:lzss:__TI_decompress_lzss</name>
         <load_address>0x23d4</load_address>
         <run_address>0x23d4</run_address>
         <size>0x68</size>
         <input_file_ref idref="fl-c5"/>
      </object_component>
      <object_component id="oc-16c">
         <name>.text:ConfigureUART</name>
         <load_address>0x243c</load_address>
         <run_address>0x243c</run_address>
         <size>0x64</size>
         <input_file_ref idref="fl-3"/>
      </object_component>
      <object_component id="oc-566">
         <name>.text:HandleGetDescriptor</name>
         <load_address>0x24a0</load_address>
         <run_address>0x24a0</run_address>
         <size>0x64</size>
         <input_file_ref idref="fl-e1"/>
      </object_component>
      <object_component id="oc-714">
         <name>.text:IntIsEnabled</name>
         <load_address>0x2504</load_address>
         <run_address>0x2504</run_address>
         <size>0x64</size>
         <input_file_ref idref="fl-d1"/>
      </object_component>
      <object_component id="oc-5ef">
         <name>.text:uDMAUSBChannelEnable</name>
         <load_address>0x2568</load_address>
         <run_address>0x2568</run_address>
         <size>0x64</size>
         <input_file_ref idref="fl-dc"/>
      </object_component>
      <object_component id="oc-5a2">
         <name>.text:HandleDevice</name>
         <load_address>0x25cc</load_address>
         <run_address>0x25cc</run_address>
         <size>0x60</size>
         <input_file_ref idref="fl-e1"/>
      </object_component>
      <object_component id="oc-6d6">
         <name>.text:ProcessDataFromHost</name>
         <load_address>0x262c</load_address>
         <run_address>0x262c</run_address>
         <size>0x60</size>
         <input_file_ref idref="fl-e1"/>
      </object_component>
      <object_component id="oc-24e">
         <name>.text:USBDReadAndDispatchRequest</name>
         <load_address>0x268c</load_address>
         <run_address>0x268c</run_address>
         <size>0x60</size>
         <input_file_ref idref="fl-d8"/>
      </object_component>
      <object_component id="oc-236">
         <name>.text:USBDevEndpointStatusClear</name>
         <load_address>0x26ec</load_address>
         <run_address>0x26ec</run_address>
         <size>0x5e</size>
         <input_file_ref idref="fl-e3"/>
      </object_component>
      <object_component id="oc-6af">
         <name>.text:FindHIDDescriptor</name>
         <load_address>0x274a</load_address>
         <run_address>0x274a</run_address>
         <size>0x5c</size>
         <input_file_ref idref="fl-e1"/>
      </object_component>
      <object_component id="oc-601">
         <name>.text:uDMAUSBChannelRelease</name>
         <load_address>0x27a6</load_address>
         <run_address>0x27a6</run_address>
         <size>0x56</size>
         <input_file_ref idref="fl-dc"/>
      </object_component>
      <object_component id="oc-6dc">
         <name>.text:ProcessDataToHost</name>
         <load_address>0x27fc</load_address>
         <run_address>0x27fc</run_address>
         <size>0x54</size>
         <input_file_ref idref="fl-e1"/>
      </object_component>
      <object_component id="oc-4bb">
         <name>.text:ULPIConfigSet</name>
         <load_address>0x2850</load_address>
         <run_address>0x2850</run_address>
         <size>0x52</size>
         <input_file_ref idref="fl-dd"/>
      </object_component>
      <object_component id="oc-39">
         <name>.text:IntDefaultHandler</name>
         <load_address>0x28a2</load_address>
         <run_address>0x28a2</run_address>
         <size>0x2</size>
         <input_file_ref idref="fl-2"/>
      </object_component>
      <object_component id="oc-49d">
         <name>.text:SysCtlPeripheralReset</name>
         <load_address>0x28a4</load_address>
         <run_address>0x28a4</run_address>
         <size>0x50</size>
         <input_file_ref idref="fl-d2"/>
      </object_component>
      <object_component id="oc-67f">
         <name>.text:USBDCDConfigDescGet</name>
         <load_address>0x28f4</load_address>
         <run_address>0x28f4</run_address>
         <size>0x50</size>
         <input_file_ref idref="fl-df"/>
      </object_component>
      <object_component id="oc-125">
         <name>.text:USBDeviceResumeTickHandler</name>
         <load_address>0x2944</load_address>
         <run_address>0x2944</run_address>
         <size>0x50</size>
         <input_file_ref idref="fl-d8"/>
      </object_component>
      <object_component id="oc-685">
         <name>.text:GetEPDescriptorType</name>
         <load_address>0x2994</load_address>
         <run_address>0x2994</run_address>
         <size>0x4c</size>
         <input_file_ref idref="fl-e0"/>
      </object_component>
      <object_component id="oc-533">
         <name>.text:USBDStringIndexFromRequest</name>
         <load_address>0x29e0</load_address>
         <run_address>0x29e0</run_address>
         <size>0x4c</size>
         <input_file_ref idref="fl-d8"/>
      </object_component>
      <object_component id="oc-74d">
         <name>.text:USBEndpointDMAConfigSet</name>
         <load_address>0x2a2c</load_address>
         <run_address>0x2a2c</run_address>
         <size>0x4c</size>
         <input_file_ref idref="fl-e3"/>
      </object_component>
      <object_component id="oc-661">
         <name>.text:iDMAUSBChannelEnable</name>
         <load_address>0x2a78</load_address>
         <run_address>0x2a78</run_address>
         <size>0x4c</size>
         <input_file_ref idref="fl-dc"/>
      </object_component>
      <object_component id="oc-6a6">
         <name>.text:ConfigAlternateInterfaceGet</name>
         <load_address>0x2ac4</load_address>
         <run_address>0x2ac4</run_address>
         <size>0x4a</size>
         <input_file_ref idref="fl-df"/>
      </object_component>
      <object_component id="oc-2ba">
         <name>.text:USBDHIDReportWrite</name>
         <load_address>0x2b0e</load_address>
         <run_address>0x2b0e</run_address>
         <size>0x4a</size>
         <input_file_ref idref="fl-e1"/>
      </object_component>
      <object_component id="oc-52a">
         <name>.text:USBDevEndpointStallClear</name>
         <load_address>0x2b58</load_address>
         <run_address>0x2b58</run_address>
         <size>0x4a</size>
         <input_file_ref idref="fl-e3"/>
      </object_component>
      <object_component id="oc-5e9">
         <name>.text:uDMAUSBChannelDisable</name>
         <load_address>0x2ba2</load_address>
         <run_address>0x2ba2</run_address>
         <size>0x4a</size>
         <input_file_ref idref="fl-dc"/>
      </object_component>
      <object_component id="oc-6c8">
         <name>.text:SetIdleTimeout</name>
         <load_address>0x2bec</load_address>
         <run_address>0x2bec</run_address>
         <size>0x48</size>
         <input_file_ref idref="fl-e1"/>
      </object_component>
      <object_component id="oc-11f">
         <name>.text:USBDeviceEnumResetHandler</name>
         <load_address>0x2c34</load_address>
         <run_address>0x2c34</run_address>
         <size>0x48</size>
         <input_file_ref idref="fl-d8"/>
      </object_component>
      <object_component id="oc-700">
         <name>.text:uDMAChannelAttributeDisable</name>
         <load_address>0x2c7c</load_address>
         <run_address>0x2c7c</run_address>
         <size>0x48</size>
         <input_file_ref idref="fl-e2"/>
      </object_component>
      <object_component id="oc-242">
         <name>.text:USBEndpointDataGet</name>
         <load_address>0x2cc4</load_address>
         <run_address>0x2cc4</run_address>
         <size>0x46</size>
         <input_file_ref idref="fl-e3"/>
      </object_component>
      <object_component id="oc-2d">
         <name>.text:NmiSR</name>
         <load_address>0x2d0a</load_address>
         <run_address>0x2d0a</run_address>
         <size>0x2</size>
         <input_file_ref idref="fl-2"/>
      </object_component>
      <object_component id="oc-471">
         <name>.text:USBDCDDeviceInfoInit</name>
         <load_address>0x2d0c</load_address>
         <run_address>0x2d0c</run_address>
         <size>0x44</size>
         <input_file_ref idref="fl-d8"/>
      </object_component>
      <object_component id="oc-440">
         <name>.text:USBDGetInterface</name>
         <load_address>0x2d50</load_address>
         <run_address>0x2d50</run_address>
         <size>0x44</size>
         <input_file_ref idref="fl-d8"/>
      </object_component>
      <object_component id="oc-1e6">
         <name>.text:__TI_auto_init_nobinit_nopinit:__TI_auto_init_nobinit_nopinit</name>
         <load_address>0x2d94</load_address>
         <run_address>0x2d94</run_address>
         <size>0x44</size>
         <input_file_ref idref="fl-ca"/>
      </object_component>
      <object_component id="oc-3c0">
         <name>.text:ScheduleReportTransmission</name>
         <load_address>0x2dd8</load_address>
         <run_address>0x2dd8</run_address>
         <size>0x40</size>
         <input_file_ref idref="fl-e1"/>
      </object_component>
      <object_component id="oc-364">
         <name>.text</name>
         <load_address>0x2e18</load_address>
         <run_address>0x2e18</run_address>
         <size>0x40</size>
         <input_file_ref idref="fl-c2"/>
      </object_component>
      <object_component id="oc-1b4">
         <name>.text:USBDHIDGamepadSendReport</name>
         <load_address>0x2e58</load_address>
         <run_address>0x2e58</run_address>
         <size>0x3e</size>
         <input_file_ref idref="fl-da"/>
      </object_component>
      <object_component id="oc-631">
         <name>.text:iDMAUSBArbSizeSet</name>
         <load_address>0x2e96</load_address>
         <run_address>0x2e96</run_address>
         <size>0x2</size>
         <input_file_ref idref="fl-dc"/>
      </object_component>
      <object_component id="oc-357">
         <name>.text:UARTFlushTx</name>
         <load_address>0x2e98</load_address>
         <run_address>0x2e98</run_address>
         <size>0x3c</size>
         <input_file_ref idref="fl-6"/>
      </object_component>
      <object_component id="oc-65b">
         <name>.text:iDMAUSBChannelRelease</name>
         <load_address>0x2ed4</load_address>
         <run_address>0x2ed4</run_address>
         <size>0x3c</size>
         <input_file_ref idref="fl-dc"/>
      </object_component>
      <object_component id="oc-697">
         <name>.text:USBFIFOConfigSet</name>
         <load_address>0x2f10</load_address>
         <run_address>0x2f10</run_address>
         <size>0x3a</size>
         <input_file_ref idref="fl-e3"/>
      </object_component>
      <object_component id="oc-66d">
         <name>.text:iDMAUSBUnitSizeSet</name>
         <load_address>0x2f4a</load_address>
         <run_address>0x2f4a</run_address>
         <size>0x2</size>
         <input_file_ref idref="fl-dc"/>
      </object_component>
      <object_component id="oc-483">
         <name>.text:InternalUSBRegisterTickHandler</name>
         <load_address>0x2f4c</load_address>
         <run_address>0x2f4c</run_address>
         <size>0x38</size>
         <input_file_ref idref="fl-d6"/>
      </object_component>
      <object_component id="oc-12b">
         <name>.text:InternalUSBStartOfFrameTick</name>
         <load_address>0x2f84</load_address>
         <run_address>0x2f84</run_address>
         <size>0x38</size>
         <input_file_ref idref="fl-d6"/>
      </object_component>
      <object_component id="oc-46b">
         <name>.text:USBDCDConfigGetInterfaceEndpoint</name>
         <load_address>0x2fbc</load_address>
         <run_address>0x2fbc</run_address>
         <size>0x38</size>
         <input_file_ref idref="fl-df"/>
      </object_component>
      <object_component id="oc-bb">
         <name>.text:USBIntStatusControl</name>
         <load_address>0x2ff4</load_address>
         <run_address>0x2ff4</run_address>
         <size>0x38</size>
         <input_file_ref idref="fl-e3"/>
      </object_component>
      <object_component id="oc-59c">
         <name>.text:HandleEndpoints</name>
         <load_address>0x302c</load_address>
         <run_address>0x302c</run_address>
         <size>0x36</size>
         <input_file_ref idref="fl-e1"/>
      </object_component>
      <object_component id="oc-33c">
         <name>.text:USBEndpointDataPut</name>
         <load_address>0x3062</load_address>
         <run_address>0x3062</run_address>
         <size>0x36</size>
         <input_file_ref idref="fl-e3"/>
      </object_component>
      <object_component id="oc-48f">
         <name>.text:HIDTickHandler</name>
         <load_address>0x3098</load_address>
         <run_address>0x3098</run_address>
         <size>0x34</size>
         <input_file_ref idref="fl-e1"/>
      </object_component>
      <object_component id="oc-4a3">
         <name>.text:SysCtlPeripheralEnable</name>
         <load_address>0x30cc</load_address>
         <run_address>0x30cc</run_address>
         <size>0x34</size>
         <input_file_ref idref="fl-d2"/>
      </object_component>
      <object_component id="oc-342">
         <name>.text:USBEndpointDataSend</name>
         <load_address>0x3100</load_address>
         <run_address>0x3100</run_address>
         <size>0x34</size>
         <input_file_ref idref="fl-e3"/>
      </object_component>
      <object_component id="oc-77">
         <name>.text:_c_int00_noargs:_c_int00_noargs</name>
         <load_address>0x3134</load_address>
         <run_address>0x3134</run_address>
         <size>0x34</size>
         <input_file_ref idref="fl-c6"/>
      </object_component>
      <object_component id="oc-63d">
         <name>.text:iDMAUSBChannelStatus</name>
         <load_address>0x3168</load_address>
         <run_address>0x3168</run_address>
         <size>0x34</size>
         <input_file_ref idref="fl-dc"/>
      </object_component>
      <object_component id="oc-3ba">
         <name>.text:ClearReportTimer</name>
         <load_address>0x319c</load_address>
         <run_address>0x319c</run_address>
         <size>0x32</size>
         <input_file_ref idref="fl-e1"/>
      </object_component>
      <object_component id="oc-572">
         <name>.text:HandleConfigChange</name>
         <load_address>0x31ce</load_address>
         <run_address>0x31ce</run_address>
         <size>0x32</size>
         <input_file_ref idref="fl-e1"/>
      </object_component>
      <object_component id="oc-55b">
         <name>.text:NextConfigDescGet</name>
         <load_address>0x3200</load_address>
         <run_address>0x3200</run_address>
         <size>0x32</size>
         <input_file_ref idref="fl-df"/>
      </object_component>
      <object_component id="oc-407">
         <name>.text:USBDevEndpointStall</name>
         <load_address>0x3232</load_address>
         <run_address>0x3232</run_address>
         <size>0x32</size>
         <input_file_ref idref="fl-e3"/>
      </object_component>
      <object_component id="oc-667">
         <name>.text:iDMAUSBChannelDisable</name>
         <load_address>0x3264</load_address>
         <run_address>0x3264</run_address>
         <size>0x32</size>
         <input_file_ref idref="fl-dc"/>
      </object_component>
      <object_component id="oc-60d">
         <name>.text:DMAUSBIntHandler</name>
         <load_address>0x3296</load_address>
         <run_address>0x3296</run_address>
         <size>0x30</size>
         <input_file_ref idref="fl-dc"/>
      </object_component>
      <object_component id="oc-460">
         <name>.text</name>
         <load_address>0x32c6</load_address>
         <run_address>0x32c6</run_address>
         <size>0x2</size>
         <input_file_ref idref="fl-c7"/>
      </object_component>
      <object_component id="oc-47d">
         <name>.text:InternalUSBTickInit</name>
         <load_address>0x32c8</load_address>
         <run_address>0x32c8</run_address>
         <size>0x30</size>
         <input_file_ref idref="fl-d6"/>
      </object_component>
      <object_component id="oc-434">
         <name>.text:USBDGetConfiguration</name>
         <load_address>0x32f8</load_address>
         <run_address>0x32f8</run_address>
         <size>0x30</size>
         <input_file_ref idref="fl-d8"/>
      </object_component>
      <object_component id="oc-190">
         <name>.text:USBDHIDGamepadInit</name>
         <load_address>0x3328</load_address>
         <run_address>0x3328</run_address>
         <size>0x30</size>
         <input_file_ref idref="fl-da"/>
      </object_component>
      <object_component id="oc-1a2">
         <name>.text:ADCIntStatus</name>
         <load_address>0x3358</load_address>
         <run_address>0x3358</run_address>
         <size>0x2e</size>
         <input_file_ref idref="fl-d0"/>
      </object_component>
      <object_component id="oc-5fb">
         <name>.text:uDMAUSBChannelIntDisable</name>
         <load_address>0x3386</load_address>
         <run_address>0x3386</run_address>
         <size>0x2</size>
         <input_file_ref idref="fl-dc"/>
      </object_component>
      <object_component id="oc-351">
         <name>.text:UARTFlushRx</name>
         <load_address>0x3388</load_address>
         <run_address>0x3388</run_address>
         <size>0x2c</size>
         <input_file_ref idref="fl-6"/>
      </object_component>
      <object_component id="oc-79c">
         <name>.text:USBDescGet</name>
         <load_address>0x33b4</load_address>
         <run_address>0x33b4</run_address>
         <size>0x2c</size>
         <input_file_ref idref="fl-db"/>
      </object_component>
      <object_component id="oc-613">
         <name>.text:uDMAUSBIntStatus</name>
         <load_address>0x33e0</load_address>
         <run_address>0x33e0</run_address>
         <size>0x2c</size>
         <input_file_ref idref="fl-dc"/>
      </object_component>
      <object_component id="oc-544">
         <name>.text:USBDCDConfigDescGetNum</name>
         <load_address>0x340c</load_address>
         <run_address>0x340c</run_address>
         <size>0x2a</size>
         <input_file_ref idref="fl-df"/>
      </object_component>
      <object_component id="oc-69f">
         <name>.text:USBDescGetNum</name>
         <load_address>0x3436</load_address>
         <run_address>0x3436</run_address>
         <size>0x2a</size>
         <input_file_ref idref="fl-db"/>
      </object_component>
      <object_component id="oc-248">
         <name>.text:USBDevEndpointDataAck</name>
         <load_address>0x3460</load_address>
         <run_address>0x3460</run_address>
         <size>0x2a</size>
         <input_file_ref idref="fl-e3"/>
      </object_component>
      <object_component id="oc-6c2">
         <name>.text:GetIdleTimeout</name>
         <load_address>0x348a</load_address>
         <run_address>0x348a</run_address>
         <size>0x28</size>
         <input_file_ref idref="fl-e1"/>
      </object_component>
      <object_component id="oc-578">
         <name>.text:HandleEP0DataReceived</name>
         <load_address>0x34b2</load_address>
         <run_address>0x34b2</run_address>
         <size>0x28</size>
         <input_file_ref idref="fl-e1"/>
      </object_component>
      <object_component id="oc-5f5">
         <name>.text:uDMAUSBChannelIntEnable</name>
         <load_address>0x34da</load_address>
         <run_address>0x34da</run_address>
         <size>0x2</size>
         <input_file_ref idref="fl-dc"/>
      </object_component>
      <object_component id="oc-422">
         <name>.text:USBDSetAddress</name>
         <load_address>0x34dc</load_address>
         <run_address>0x34dc</run_address>
         <size>0x28</size>
         <input_file_ref idref="fl-d8"/>
      </object_component>
      <object_component id="oc-4eb">
         <name>.text:USBIntEnableControl</name>
         <load_address>0x3504</load_address>
         <run_address>0x3504</run_address>
         <size>0x28</size>
         <input_file_ref idref="fl-e3"/>
      </object_component>
      <object_component id="oc-732">
         <name>.text:uDMAChannelModeGet</name>
         <load_address>0x352c</load_address>
         <run_address>0x352c</run_address>
         <size>0x28</size>
         <input_file_ref idref="fl-e2"/>
      </object_component>
      <object_component id="oc-2a1">
         <name>.text:USBDHIDInit</name>
         <load_address>0x3554</load_address>
         <run_address>0x3554</run_address>
         <size>0x26</size>
         <input_file_ref idref="fl-e1"/>
      </object_component>
      <object_component id="oc-706">
         <name>.text:USBEndpointDMADisable</name>
         <load_address>0x357a</load_address>
         <run_address>0x357a</run_address>
         <size>0x24</size>
         <input_file_ref idref="fl-e3"/>
      </object_component>
      <object_component id="oc-720">
         <name>.text:USBEndpointDMAEnable</name>
         <load_address>0x359e</load_address>
         <run_address>0x359e</run_address>
         <size>0x24</size>
         <input_file_ref idref="fl-e3"/>
      </object_component>
      <object_component id="oc-18a">
         <name>.text:USBStackModeSet</name>
         <load_address>0x35c4</load_address>
         <run_address>0x35c4</run_address>
         <size>0x24</size>
         <input_file_ref idref="fl-d5"/>
      </object_component>
      <object_component id="oc-6f3">
         <name>.text:uDMAChannelControlSet</name>
         <load_address>0x35e8</load_address>
         <run_address>0x35e8</run_address>
         <size>0x24</size>
         <input_file_ref idref="fl-e2"/>
      </object_component>
      <object_component id="oc-596">
         <name>.text:HandleDisconnect</name>
         <load_address>0x360c</load_address>
         <run_address>0x360c</run_address>
         <size>0x22</size>
         <input_file_ref idref="fl-e1"/>
      </object_component>
      <object_component id="oc-607">
         <name>.text:uDMAUSBChannelStatus</name>
         <load_address>0x362e</load_address>
         <run_address>0x362e</run_address>
         <size>0x22</size>
         <input_file_ref idref="fl-dc"/>
      </object_component>
      <object_component id="oc-691">
         <name>.text:GetEndpointFIFOSize</name>
         <load_address>0x3650</load_address>
         <run_address>0x3650</run_address>
         <size>0x20</size>
         <input_file_ref idref="fl-e0"/>
      </object_component>
      <object_component id="oc-57e">
         <name>.text:HandleEP0DataSent</name>
         <load_address>0x3670</load_address>
         <run_address>0x3670</run_address>
         <size>0x20</size>
         <input_file_ref idref="fl-e1"/>
      </object_component>
      <object_component id="oc-1ae">
         <name>.text:ADCSequenceDataGet</name>
         <load_address>0x3690</load_address>
         <run_address>0x3690</run_address>
         <size>0x1e</size>
         <input_file_ref idref="fl-d0"/>
      </object_component>
      <object_component id="oc-387">
         <name>.text:HIDGamepadTxHandler</name>
         <load_address>0x36ae</load_address>
         <run_address>0x36ae</run_address>
         <size>0x1e</size>
         <input_file_ref idref="fl-da"/>
      </object_component>
      <object_component id="oc-5c0">
         <name>.text:USBULPIRegRead</name>
         <load_address>0x36cc</load_address>
         <run_address>0x36cc</run_address>
         <size>0x1e</size>
         <input_file_ref idref="fl-e3"/>
      </object_component>
      <object_component id="oc-5c6">
         <name>.text:USBULPIRegWrite</name>
         <load_address>0x36ea</load_address>
         <run_address>0x36ea</run_address>
         <size>0x1e</size>
         <input_file_ref idref="fl-e3"/>
      </object_component>
      <object_component id="oc-178">
         <name>.text:SysCtlGPIOAHBEnable</name>
         <load_address>0x3708</load_address>
         <run_address>0x3708</run_address>
         <size>0x1c</size>
         <input_file_ref idref="fl-d2"/>
      </object_component>
      <object_component id="oc-54a">
         <name>.text:USBDCDConfigGetInterface</name>
         <load_address>0x3724</load_address>
         <run_address>0x3724</run_address>
         <size>0x1c</size>
         <input_file_ref idref="fl-df"/>
      </object_component>
      <object_component id="oc-329">
         <name>.text:USBDCDStallEP0</name>
         <load_address>0x3740</load_address>
         <run_address>0x3740</run_address>
         <size>0x1c</size>
         <input_file_ref idref="fl-d8"/>
      </object_component>
      <object_component id="oc-5b2">
         <name>.text:USBEndpointDataAvail</name>
         <load_address>0x375c</load_address>
         <run_address>0x375c</run_address>
         <size>0x1c</size>
         <input_file_ref idref="fl-e3"/>
      </object_component>
      <object_component id="oc-477">
         <name>.text:ClearIdleTimers</name>
         <load_address>0x3778</load_address>
         <run_address>0x3778</run_address>
         <size>0x1a</size>
         <input_file_ref idref="fl-e1"/>
      </object_component>
      <object_component id="oc-172">
         <name>.text:UARTprintf</name>
         <load_address>0x3792</load_address>
         <run_address>0x3792</run_address>
         <size>0x1a</size>
         <input_file_ref idref="fl-6"/>
      </object_component>
      <object_component id="oc-336">
         <name>.text:USBDCDConfigDescGetSize</name>
         <load_address>0x37ac</load_address>
         <run_address>0x37ac</run_address>
         <size>0x1a</size>
         <input_file_ref idref="fl-df"/>
      </object_component>
      <object_component id="oc-6fa">
         <name>.text:USBEndpointDMAChannel</name>
         <load_address>0x37c6</load_address>
         <run_address>0x37c6</run_address>
         <size>0x1a</size>
         <input_file_ref idref="fl-e3"/>
      </object_component>
      <object_component id="oc-196">
         <name>.text:ADCProcessorTrigger</name>
         <load_address>0x37e0</load_address>
         <run_address>0x37e0</run_address>
         <size>0x18</size>
         <input_file_ref idref="fl-d0"/>
      </object_component>
      <object_component id="oc-a1">
         <name>.text:IsBufferFull</name>
         <load_address>0x37f8</load_address>
         <run_address>0x37f8</run_address>
         <size>0x18</size>
         <input_file_ref idref="fl-6"/>
      </object_component>
      <object_component id="oc-6e4">
         <name>.text:SetDeferredOpFlag</name>
         <load_address>0x3810</load_address>
         <run_address>0x3810</run_address>
         <size>0x18</size>
         <input_file_ref idref="fl-e1"/>
      </object_component>
      <object_component id="oc-45">
         <name>.text:USB0DeviceIntHandler</name>
         <load_address>0x3828</load_address>
         <run_address>0x3828</run_address>
         <size>0x18</size>
         <input_file_ref idref="fl-d9"/>
      </object_component>
      <object_component id="oc-42e">
         <name>.text:USBDSetDescriptor</name>
         <load_address>0x3840</load_address>
         <run_address>0x3840</run_address>
         <size>0x18</size>
         <input_file_ref idref="fl-d8"/>
      </object_component>
      <object_component id="oc-44c">
         <name>.text:USBDSyncFrame</name>
         <load_address>0x3858</load_address>
         <run_address>0x3858</run_address>
         <size>0x18</size>
         <input_file_ref idref="fl-d8"/>
      </object_component>
      <object_component id="oc-70d">
         <name>.text:uDMAChannelDisable</name>
         <load_address>0x3870</load_address>
         <run_address>0x3870</run_address>
         <size>0x18</size>
         <input_file_ref idref="fl-e2"/>
      </object_component>
      <object_component id="oc-726">
         <name>.text:uDMAChannelEnable</name>
         <load_address>0x3888</load_address>
         <run_address>0x3888</run_address>
         <size>0x18</size>
         <input_file_ref idref="fl-e2"/>
      </object_component>
      <object_component id="oc-4f1">
         <name>.text:USBIntEnableEndpoint</name>
         <load_address>0x38a0</load_address>
         <run_address>0x38a0</run_address>
         <size>0x16</size>
         <input_file_ref idref="fl-e3"/>
      </object_component>
      <object_component id="oc-4a9">
         <name>.text:SysCtlUSBPLLEnable</name>
         <load_address>0x38b8</load_address>
         <run_address>0x38b8</run_address>
         <size>0x14</size>
         <input_file_ref idref="fl-d2"/>
      </object_component>
      <object_component id="oc-6bc">
         <name>.text:USBDCDRequestDataEP0</name>
         <load_address>0x38cc</load_address>
         <run_address>0x38cc</run_address>
         <size>0x14</size>
         <input_file_ref idref="fl-d8"/>
      </object_component>
      <object_component id="oc-6b5">
         <name>.text:USBDCDSendDataEP0</name>
         <load_address>0x38e0</load_address>
         <run_address>0x38e0</run_address>
         <size>0x14</size>
         <input_file_ref idref="fl-d8"/>
      </object_component>
      <object_component id="oc-785">
         <name>.text:USBDMAChannelConfigSet</name>
         <load_address>0x38f4</load_address>
         <run_address>0x38f4</run_address>
         <size>0x14</size>
         <input_file_ref idref="fl-e3"/>
      </object_component>
      <object_component id="oc-221">
         <name>.text:USBHostResume</name>
         <load_address>0x3908</load_address>
         <run_address>0x3908</run_address>
         <size>0x14</size>
         <input_file_ref idref="fl-e3"/>
      </object_component>
      <object_component id="oc-7a6">
         <name>.text:_USBIndexWrite</name>
         <load_address>0x391c</load_address>
         <run_address>0x391c</run_address>
         <size>0x14</size>
         <input_file_ref idref="fl-e3"/>
      </object_component>
      <object_component id="oc-590">
         <name>.text:HandleResume</name>
         <load_address>0x3930</load_address>
         <run_address>0x3930</run_address>
         <size>0x12</size>
         <input_file_ref idref="fl-e1"/>
      </object_component>
      <object_component id="oc-58a">
         <name>.text:HandleSuspend</name>
         <load_address>0x3942</load_address>
         <run_address>0x3942</run_address>
         <size>0x12</size>
         <input_file_ref idref="fl-e1"/>
      </object_component>
      <object_component id="oc-756">
         <name>.text:USBDMAChannelDisable</name>
         <load_address>0x3954</load_address>
         <run_address>0x3954</run_address>
         <size>0x12</size>
         <input_file_ref idref="fl-e3"/>
      </object_component>
      <object_component id="oc-78b">
         <name>.text:USBDMAChannelEnable</name>
         <load_address>0x3966</load_address>
         <run_address>0x3966</run_address>
         <size>0x12</size>
         <input_file_ref idref="fl-e3"/>
      </object_component>
      <object_component id="oc-772">
         <name>.text:USBDMAChannelIntDisable</name>
         <load_address>0x3978</load_address>
         <run_address>0x3978</run_address>
         <size>0x12</size>
         <input_file_ref idref="fl-e3"/>
      </object_component>
      <object_component id="oc-76b">
         <name>.text:USBDMAChannelIntEnable</name>
         <load_address>0x398a</load_address>
         <run_address>0x398a</run_address>
         <size>0x12</size>
         <input_file_ref idref="fl-e3"/>
      </object_component>
      <object_component id="oc-1ba">
         <name>.text:IntMasterDisable</name>
         <load_address>0x399c</load_address>
         <run_address>0x399c</run_address>
         <size>0x10</size>
         <input_file_ref idref="fl-d1"/>
      </object_component>
      <object_component id="oc-1c0">
         <name>.text:IntMasterEnable</name>
         <load_address>0x39ac</load_address>
         <run_address>0x39ac</run_address>
         <size>0x10</size>
         <input_file_ref idref="fl-d1"/>
      </object_component>
      <object_component id="oc-230">
         <name>.text:USBEndpointStatus</name>
         <load_address>0x39bc</load_address>
         <run_address>0x39bc</run_address>
         <size>0x10</size>
         <input_file_ref idref="fl-e3"/>
      </object_component>
      <object_component id="oc-619">
         <name>.text:DMAUSBIntStatusClear</name>
         <load_address>0x39cc</load_address>
         <run_address>0x39cc</run_address>
         <size>0xe</size>
         <input_file_ref idref="fl-dc"/>
      </object_component>
      <object_component id="oc-95">
         <name>.text:IsBufferEmpty</name>
         <load_address>0x39da</load_address>
         <run_address>0x39da</run_address>
         <size>0xe</size>
         <input_file_ref idref="fl-6"/>
      </object_component>
      <object_component id="oc-2b4">
         <name>.text:USBDHIDTxPacketAvailable</name>
         <load_address>0x39e8</load_address>
         <run_address>0x39e8</run_address>
         <size>0xe</size>
         <input_file_ref idref="fl-e1"/>
      </object_component>
      <object_component id="oc-75d">
         <name>.text:USBDMAChannelStatus</name>
         <load_address>0x39f6</load_address>
         <run_address>0x39f6</run_address>
         <size>0xe</size>
         <input_file_ref idref="fl-e3"/>
      </object_component>
      <object_component id="oc-4d3">
         <name>.text:USBDevLPMDisable</name>
         <load_address>0x3a04</load_address>
         <run_address>0x3a04</run_address>
         <size>0xe</size>
         <input_file_ref idref="fl-e3"/>
      </object_component>
      <object_component id="oc-137">
         <name>.text:USBDevLPMEnable</name>
         <load_address>0x3a12</load_address>
         <run_address>0x3a12</run_address>
         <size>0xe</size>
         <input_file_ref idref="fl-e3"/>
      </object_component>
      <object_component id="oc-4c1">
         <name>.text:USBULPIDisable</name>
         <load_address>0x3a20</load_address>
         <run_address>0x3a20</run_address>
         <size>0xe</size>
         <input_file_ref idref="fl-e3"/>
      </object_component>
      <object_component id="oc-4b5">
         <name>.text:USBULPIEnable</name>
         <load_address>0x3a2e</load_address>
         <run_address>0x3a2e</run_address>
         <size>0xe</size>
         <input_file_ref idref="fl-e3"/>
      </object_component>
      <object_component id="oc-1b">
         <name>.text:decompress:none:__TI_decompress_none</name>
         <load_address>0x3a3c</load_address>
         <run_address>0x3a3c</run_address>
         <size>0xe</size>
         <input_file_ref idref="fl-c4"/>
      </object_component>
      <object_component id="oc-2c1">
         <name>.text:CPUcpsid</name>
         <load_address>0x3a4a</load_address>
         <run_address>0x3a4a</run_address>
         <size>0xc</size>
         <input_file_ref idref="fl-d4"/>
      </object_component>
      <object_component id="oc-2c8">
         <name>.text:CPUcpsie</name>
         <load_address>0x3a56</load_address>
         <run_address>0x3a56</run_address>
         <size>0xc</size>
         <input_file_ref idref="fl-d4"/>
      </object_component>
      <object_component id="oc-747">
         <name>.text:USBEndpointPacketCountSet</name>
         <load_address>0x3a62</load_address>
         <run_address>0x3a62</run_address>
         <size>0xc</size>
         <input_file_ref idref="fl-e3"/>
      </object_component>
      <object_component id="oc-4df">
         <name>.text:USBLPMIntEnable</name>
         <load_address>0x3a6e</load_address>
         <run_address>0x3a6e</run_address>
         <size>0xc</size>
         <input_file_ref idref="fl-e3"/>
      </object_component>
      <object_component id="oc-6b">
         <name>.text:decompress:ZI:__TI_zero_init</name>
         <load_address>0x3a7a</load_address>
         <run_address>0x3a7a</run_address>
         <size>0xc</size>
         <input_file_ref idref="fl-c3"/>
      </object_component>
      <object_component id="oc-1a8">
         <name>.text:ADCIntClear</name>
         <load_address>0x3a86</load_address>
         <run_address>0x3a86</run_address>
         <size>0xa</size>
         <input_file_ref idref="fl-d0"/>
      </object_component>
      <object_component id="oc-4af">
         <name>.text:USBClockEnable</name>
         <load_address>0x3a90</load_address>
         <run_address>0x3a90</run_address>
         <size>0xa</size>
         <input_file_ref idref="fl-e3"/>
      </object_component>
      <object_component id="oc-5d4">
         <name>.text:USBControllerVersion</name>
         <load_address>0x3a9a</load_address>
         <run_address>0x3a9a</run_address>
         <size>0xa</size>
         <input_file_ref idref="fl-e3"/>
      </object_component>
      <object_component id="oc-779">
         <name>.text:USBDMAChannelAddressSet</name>
         <load_address>0x3aa4</load_address>
         <run_address>0x3aa4</run_address>
         <size>0xa</size>
         <input_file_ref idref="fl-e3"/>
      </object_component>
      <object_component id="oc-77f">
         <name>.text:USBDMAChannelCountSet</name>
         <load_address>0x3aae</load_address>
         <run_address>0x3aae</run_address>
         <size>0xa</size>
         <input_file_ref idref="fl-e3"/>
      </object_component>
      <object_component id="oc-4f7">
         <name>.text:USBDevConnect</name>
         <load_address>0x3ab8</load_address>
         <run_address>0x3ab8</run_address>
         <size>0xa</size>
         <input_file_ref idref="fl-e3"/>
      </object_component>
      <object_component id="oc-149">
         <name>.text:USBDevDisconnect</name>
         <load_address>0x3ac2</load_address>
         <run_address>0x3ac2</run_address>
         <size>0xa</size>
         <input_file_ref idref="fl-e3"/>
      </object_component>
      <object_component id="oc-13d">
         <name>.text:USBIntStatusEndpoint</name>
         <load_address>0x3acc</load_address>
         <run_address>0x3acc</run_address>
         <size>0xa</size>
         <input_file_ref idref="fl-e3"/>
      </object_component>
      <object_component id="oc-4cd">
         <name>.text:USBDevMode</name>
         <load_address>0x3ad6</load_address>
         <run_address>0x3ad6</run_address>
         <size>0x8</size>
         <input_file_ref idref="fl-e3"/>
      </object_component>
      <object_component id="oc-73b">
         <name>.text:USBFIFOAddrGet</name>
         <load_address>0x3ade</load_address>
         <run_address>0x3ade</run_address>
         <size>0x8</size>
         <input_file_ref idref="fl-e3"/>
      </object_component>
      <object_component id="oc-4c7">
         <name>.text:USBOTGMode</name>
         <load_address>0x3ae6</load_address>
         <run_address>0x3ae6</run_address>
         <size>0x8</size>
         <input_file_ref idref="fl-e3"/>
      </object_component>
      <object_component id="oc-64f">
         <name>.text:iDMAUSBChannelIntDisable</name>
         <load_address>0x3aee</load_address>
         <run_address>0x3aee</run_address>
         <size>0x8</size>
         <input_file_ref idref="fl-dc"/>
      </object_component>
      <object_component id="oc-649">
         <name>.text:iDMAUSBChannelIntEnable</name>
         <load_address>0x3af6</load_address>
         <run_address>0x3af6</run_address>
         <size>0x8</size>
         <input_file_ref idref="fl-dc"/>
      </object_component>
      <object_component id="oc-27">
         <name>.text:ResetISR</name>
         <load_address>0x3afe</load_address>
         <run_address>0x3afe</run_address>
         <size>0x6</size>
         <input_file_ref idref="fl-2"/>
      </object_component>
      <object_component id="oc-274">
         <name>.text:UARTClockSourceSet</name>
         <load_address>0x3b04</load_address>
         <run_address>0x3b04</run_address>
         <size>0x6</size>
         <input_file_ref idref="fl-d3"/>
      </object_component>
      <object_component id="oc-764">
         <name>.text:USBDMAChannelIntStatus</name>
         <load_address>0x3b0a</load_address>
         <run_address>0x3b0a</run_address>
         <size>0x6</size>
         <input_file_ref idref="fl-e3"/>
      </object_component>
      <object_component id="oc-4d9">
         <name>.text:USBDevLPMConfig</name>
         <load_address>0x3b10</load_address>
         <run_address>0x3b10</run_address>
         <size>0x6</size>
         <input_file_ref idref="fl-e3"/>
      </object_component>
      <object_component id="oc-131">
         <name>.text:USBLPMIntStatus</name>
         <load_address>0x3b16</load_address>
         <run_address>0x3b16</run_address>
         <size>0x6</size>
         <input_file_ref idref="fl-e3"/>
      </object_component>
      <object_component id="oc-643">
         <name>.text:iDMAUSBIntStatus</name>
         <load_address>0x3b1c</load_address>
         <run_address>0x3b1c</run_address>
         <size>0x6</size>
         <input_file_ref idref="fl-dc"/>
      </object_component>
      <object_component id="oc-61f">
         <name>.text:DMAUSBStatus</name>
         <load_address>0x3b22</load_address>
         <run_address>0x3b22</run_address>
         <size>0x4</size>
         <input_file_ref idref="fl-dc"/>
      </object_component>
      <object_component id="oc-584">
         <name>.text:HandleReset</name>
         <load_address>0x3b26</load_address>
         <run_address>0x3b26</run_address>
         <size>0x4</size>
         <input_file_ref idref="fl-e1"/>
      </object_component>
      <object_component id="oc-23c">
         <name>.text:USBDevAddrSet</name>
         <load_address>0x3b2a</load_address>
         <run_address>0x3b2a</run_address>
         <size>0x4</size>
         <input_file_ref idref="fl-e3"/>
      </object_component>
      <object_component id="oc-ef">
         <name>.text:_system_pre_init</name>
         <load_address>0x3b2e</load_address>
         <run_address>0x3b2e</run_address>
         <size>0x4</size>
         <input_file_ref idref="fl-cb"/>
      </object_component>
      <object_component id="oc-1da">
         <name>.text:abort:abort</name>
         <load_address>0x3b32</load_address>
         <run_address>0x3b32</run_address>
         <size>0x4</size>
         <input_file_ref idref="fl-cd"/>
      </object_component>
      <object_component id="oc-678">
         <name>.const</name>
         <load_address>0x3b38</load_address>
         <run_address>0x3b38</run_address>
         <size>0x70</size>
         <input_file_ref idref="fl-d1"/>
      </object_component>
      <object_component id="oc-2f3">
         <name>.const:.string:g_pui8GameReportDescriptor</name>
         <load_address>0x3ba8</load_address>
         <run_address>0x3ba8</run_address>
         <size>0x5c</size>
         <input_file_ref idref="fl-4"/>
      </object_component>
      <object_component id="oc-3de">
         <name>.const:.string:g_pui8ConfigString</name>
         <load_address>0x3c04</load_address>
         <run_address>0x3c04</run_address>
         <size>0x34</size>
         <input_file_ref idref="fl-4"/>
      </object_component>
      <object_component id="oc-332">
         <name>.const:g_psUSBDStdRequests</name>
         <load_address>0x3c38</load_address>
         <run_address>0x3c38</run_address>
         <size>0x34</size>
         <input_file_ref idref="fl-d8"/>
      </object_component>
      <object_component id="oc-39f">
         <name>.const:.string:g_pui8GameReportDescriptor</name>
         <load_address>0x3c6c</load_address>
         <run_address>0x3c6c</run_address>
         <size>0x30</size>
         <input_file_ref idref="fl-da"/>
      </object_component>
      <object_component id="oc-489">
         <name>.const:g_sHIDHandlers</name>
         <load_address>0x3c9c</load_address>
         <run_address>0x3c9c</run_address>
         <size>0x30</size>
         <input_file_ref idref="fl-e1"/>
      </object_component>
      <object_component id="oc-3db">
         <name>.const:.string:g_pui8HIDInterfaceString</name>
         <load_address>0x3ccc</load_address>
         <run_address>0x3ccc</run_address>
         <size>0x2c</size>
         <input_file_ref idref="fl-4"/>
      </object_component>
      <object_component id="oc-3d2">
         <name>.const:.string:g_pui8ManufacturerString</name>
         <load_address>0x3cf8</load_address>
         <run_address>0x3cf8</run_address>
         <size>0x24</size>
         <input_file_ref idref="fl-4"/>
      </object_component>
      <object_component id="oc-3d5">
         <name>.const:.string:g_pui8ProductString</name>
         <load_address>0x3d1c</load_address>
         <run_address>0x3d1c</run_address>
         <size>0x24</size>
         <input_file_ref idref="fl-4"/>
      </object_component>
      <object_component id="oc-393">
         <name>.const</name>
         <load_address>0x3d40</load_address>
         <run_address>0x3d40</run_address>
         <size>0x1c</size>
         <input_file_ref idref="fl-da"/>
      </object_component>
      <object_component id="oc-2f0">
         <name>.const:g_ppui8StringDescriptors</name>
         <load_address>0x3d5c</load_address>
         <run_address>0x3d5c</run_address>
         <size>0x18</size>
         <input_file_ref idref="fl-4"/>
      </object_component>
      <object_component id="oc-3d8">
         <name>.const:.string:g_pui8SerialNumberString</name>
         <load_address>0x3d74</load_address>
         <run_address>0x3d74</run_address>
         <size>0x12</size>
         <input_file_ref idref="fl-4"/>
      </object_component>
      <object_component id="oc-360">
         <name>.const:g_ui32UARTBase</name>
         <load_address>0x3d88</load_address>
         <run_address>0x3d88</run_address>
         <size>0xc</size>
         <input_file_ref idref="fl-6"/>
      </object_component>
      <object_component id="oc-107">
         <name>.const:g_ui32UARTInt</name>
         <load_address>0x3d94</load_address>
         <run_address>0x3d94</run_address>
         <size>0xc</size>
         <input_file_ref idref="fl-6"/>
      </object_component>
      <object_component id="oc-35d">
         <name>.const:g_ui32UARTPeriph</name>
         <load_address>0x3da0</load_address>
         <run_address>0x3da0</run_address>
         <size>0xc</size>
         <input_file_ref idref="fl-6"/>
      </object_component>
      <object_component id="oc-498">
         <name>.const:.string</name>
         <load_address>0x3dac</load_address>
         <run_address>0x3dac</run_address>
         <size>0x7</size>
         <input_file_ref idref="fl-da"/>
      </object_component>
      <object_component id="oc-3cf">
         <name>.const:.string:g_pui8LangDescriptor</name>
         <load_address>0x3db3</load_address>
         <run_address>0x3db3</run_address>
         <size>0x4</size>
         <input_file_ref idref="fl-4"/>
      </object_component>
      <object_component id="oc-812">
         <name>.cinit..data.load</name>
         <load_address>0x3db8</load_address>
         <run_address>0x3db8</run_address>
         <size>0x8b</size>
      </object_component>
      <object_component id="oc-810">
         <name>__TI_handler_table</name>
         <load_address>0x3e44</load_address>
         <run_address>0x3e44</run_address>
         <size>0xc</size>
      </object_component>
      <object_component id="oc-813">
         <name>.cinit..bss.load</name>
         <load_address>0x3e50</load_address>
         <run_address>0x3e50</run_address>
         <size>0x8</size>
      </object_component>
      <object_component id="oc-811">
         <name>__TI_cinit_table</name>
         <load_address>0x3e58</load_address>
         <run_address>0x3e58</run_address>
         <size>0x10</size>
      </object_component>
      <object_component id="oc-1c9">
         <name>.data:g_sGamepadDevice</name>
         <load_address>0x20000a88</load_address>
         <run_address>0x20000a88</run_address>
         <size>0x98</size>
         <input_file_ref idref="fl-4"/>
      </object_component>
      <object_component id="oc-28f">
         <name>.data</name>
         <load_address>0x20000ba8</load_address>
         <run_address>0x20000ba8</run_address>
         <size>0x6</size>
         <input_file_ref idref="fl-5"/>
      </object_component>
      <object_component id="oc-a7">
         <name>.data</name>
         <load_address>0x20000b60</load_address>
         <run_address>0x20000b60</run_address>
         <size>0x15</size>
         <input_file_ref idref="fl-6"/>
      </object_component>
      <object_component id="oc-294">
         <name>.data</name>
         <load_address>0x20000b94</load_address>
         <run_address>0x20000b94</run_address>
         <size>0x9</size>
         <input_file_ref idref="fl-d5"/>
      </object_component>
      <object_component id="oc-155">
         <name>.data</name>
         <load_address>0x20000b88</load_address>
         <run_address>0x20000b88</run_address>
         <size>0xc</size>
         <input_file_ref idref="fl-d6"/>
      </object_component>
      <object_component id="oc-158">
         <name>.data</name>
         <load_address>0x20000ba0</load_address>
         <run_address>0x20000ba0</run_address>
         <size>0x8</size>
         <input_file_ref idref="fl-d8"/>
      </object_component>
      <object_component id="oc-2a7">
         <name>.data</name>
         <load_address>0x20000b20</load_address>
         <run_address>0x20000b20</run_address>
         <size>0x40</size>
         <input_file_ref idref="fl-da"/>
      </object_component>
      <object_component id="oc-48c">
         <name>.data</name>
         <load_address>0x20000b75</load_address>
         <run_address>0x20000b75</run_address>
         <size>0x12</size>
         <input_file_ref idref="fl-e1"/>
      </object_component>
      <object_component id="oc-1cc">
         <name>.bss:sReport</name>
         <uninitialized>true</uninitialized>
         <run_address>0x20000670</run_address>
         <size>0x4</size>
         <input_file_ref idref="fl-3"/>
      </object_component>
      <object_component id="oc-1d1">
         <name>.bss:g_pui32ADCData</name>
         <uninitialized>true</uninitialized>
         <run_address>0x20000650</run_address>
         <size>0xc</size>
         <input_file_ref idref="fl-3"/>
      </object_component>
      <object_component id="oc-1cf">
         <name>.bss:sReportA$1</name>
         <uninitialized>true</uninitialized>
         <run_address>0x2000065c</run_address>
         <size>0xa</size>
         <input_file_ref idref="fl-3"/>
      </object_component>
      <object_component id="oc-1d0">
         <name>.bss</name>
         <uninitialized>true</uninitialized>
         <run_address>0x20000674</run_address>
         <size>0x4</size>
         <input_file_ref idref="fl-3"/>
      </object_component>
      <object_component id="oc-aa">
         <name>.bss</name>
         <uninitialized>true</uninitialized>
         <run_address>0x20000668</run_address>
         <size>0x8</size>
         <input_file_ref idref="fl-6"/>
      </object_component>
      <object_component id="oc-10a">
         <name>.bss:g_pcUARTTxBuffer</name>
         <uninitialized>true</uninitialized>
         <run_address>0x20000000</run_address>
         <size>0x400</size>
         <input_file_ref idref="fl-6"/>
      </object_component>
      <object_component id="oc-ad">
         <name>.bss:g_pcUARTRxBuffer</name>
         <uninitialized>true</uninitialized>
         <run_address>0x20000510</run_address>
         <size>0x80</size>
         <input_file_ref idref="fl-6"/>
      </object_component>
      <object_component id="oc-32f">
         <name>.bss:g_pui8DataBufferIn</name>
         <uninitialized>true</uninitialized>
         <run_address>0x200005e0</run_address>
         <size>0x40</size>
         <input_file_ref idref="fl-d8"/>
      </object_component>
      <object_component id="oc-152">
         <name>.bss:g_psDCDInst</name>
         <uninitialized>true</uninitialized>
         <run_address>0x20000590</run_address>
         <size>0x50</size>
         <input_file_ref idref="fl-d8"/>
      </object_component>
      <object_component id="oc-5da">
         <name>.bss:g_psUSBDMAInst</name>
         <uninitialized>true</uninitialized>
         <run_address>0x20000400</run_address>
         <size>0x110</size>
         <input_file_ref idref="fl-dc"/>
      </object_component>
      <object_component id="oc-1c6">
         <name>.common:g_iGamepadState</name>
         <uninitialized>true</uninitialized>
         <run_address>0x20000666</run_address>
         <size>0x1</size>
      </object_component>
      <object_component id="oc-297">
         <name>.common:g_pfnUSBModeCallback</name>
         <uninitialized>true</uninitialized>
         <run_address>0x20000678</run_address>
         <size>0x4</size>
      </object_component>
      <object_component id="oc-228">
         <name>.common:g_pfnTickHandlers</name>
         <uninitialized>true</uninitialized>
         <run_address>0x20000620</run_address>
         <size>0x18</size>
      </object_component>
      <object_component id="oc-22b">
         <name>.common:g_pvTickInstance</name>
         <uninitialized>true</uninitialized>
         <run_address>0x20000638</run_address>
         <size>0x18</size>
      </object_component>
      <object_component id="oc-503">
         <name>.common:g_ui32ULPISupport</name>
         <uninitialized>true</uninitialized>
         <run_address>0x20000680</run_address>
         <size>0x4</size>
      </object_component>
      <object_component id="oc-14f">
         <name>.common:g_ppsDevInfo</name>
         <uninitialized>true</uninitialized>
         <run_address>0x2000067c</run_address>
         <size>0x4</size>
      </object_component>
      <object_component id="oc-24">
         <name>.stack</name>
         <uninitialized>true</uninitialized>
         <run_address>0x20000688</run_address>
         <size>0x4</size>
         <input_file_ref idref="fl-c6"/>
      </object_component>
      <object_component id="oc-815">
         <name>.stack</name>
         <uninitialized>true</uninitialized>
         <run_address>0x20000688</run_address>
         <size>0x0</size>
      </object_component>
      <object_component id="oc-4d">
         <name>.debug_info</name>
         <load_address>0x0</load_address>
         <run_address>0x0</run_address>
         <size>0x2f8</size>
         <input_file_ref idref="fl-2"/>
      </object_component>
      <object_component id="oc-13">
         <name>.debug_info</name>
         <load_address>0x2f8</load_address>
         <run_address>0x2f8</run_address>
         <size>0xd9</size>
         <input_file_ref idref="fl-2"/>
      </object_component>
      <object_component id="oc-2b">
         <name>.debug_info</name>
         <load_address>0x3d1</load_address>
         <run_address>0x3d1</run_address>
         <size>0x109</size>
         <input_file_ref idref="fl-2"/>
      </object_component>
      <object_component id="oc-2e">
         <name>.debug_info</name>
         <load_address>0x4da</load_address>
         <run_address>0x4da</run_address>
         <size>0xfa</size>
         <input_file_ref idref="fl-2"/>
      </object_component>
      <object_component id="oc-3a">
         <name>.debug_info</name>
         <load_address>0x5d4</load_address>
         <run_address>0x5d4</run_address>
         <size>0x112</size>
         <input_file_ref idref="fl-2"/>
      </object_component>
      <object_component id="oc-36">
         <name>.debug_info</name>
         <load_address>0x6e6</load_address>
         <run_address>0x6e6</run_address>
         <size>0x100</size>
         <input_file_ref idref="fl-2"/>
      </object_component>
      <object_component id="oc-cf">
         <name>.debug_info</name>
         <load_address>0x7e6</load_address>
         <run_address>0x7e6</run_address>
         <size>0x26b</size>
         <input_file_ref idref="fl-2"/>
      </object_component>
      <object_component id="oc-54">
         <name>.debug_info</name>
         <load_address>0xa51</load_address>
         <run_address>0xa51</run_address>
         <size>0x84</size>
         <input_file_ref idref="fl-2"/>
      </object_component>
      <object_component id="oc-118">
         <name>.debug_info</name>
         <load_address>0xad5</load_address>
         <run_address>0xad5</run_address>
         <size>0x2a4</size>
         <input_file_ref idref="fl-2"/>
      </object_component>
      <object_component id="oc-b6">
         <name>.debug_info</name>
         <load_address>0xd79</load_address>
         <run_address>0xd79</run_address>
         <size>0xbb</size>
         <input_file_ref idref="fl-2"/>
      </object_component>
      <object_component id="oc-1c7">
         <name>.debug_info</name>
         <load_address>0xe34</load_address>
         <run_address>0xe34</run_address>
         <size>0x805</size>
         <input_file_ref idref="fl-3"/>
      </object_component>
      <object_component id="oc-1cd">
         <name>.debug_info</name>
         <load_address>0x1639</load_address>
         <run_address>0x1639</run_address>
[...]
      </symbol>
      <symbol id="sm-323">
         <name>__aeabi_memclr</name>
         <value>0x2057</value>
         <object_component_ref idref="oc-e9"/>
      </symbol>
      <symbol id="sm-34b">
         <name>__TI_auto_init_nobinit_nopinit</name>
         <value>0x2d95</value>
         <object_component_ref idref="oc-1e6"/>
      </symbol>
      <symbol id="sm-355">
         <name>_system_pre_init</name>
         <value>0x3b2f</value>
         <object_component_ref idref="oc-ef"/>
      </symbol>
      <symbol id="sm-361">
         <name>C$$EXIT</name>
         <value>0x3b33</value>
         <object_component_ref idref="oc-1da"/>
      </symbol>
      <symbol id="sm-362">
         <name>abort</name>
         <value>0x3b33</value>
         <object_component_ref idref="oc-1da"/>
      </symbol>
      <symbol id="sm-394">
         <name>ADCProcessorTrigger</name>
         <value>0x37e1</value>
         <object_component_ref idref="oc-196"/>
      </symbol>
      <symbol id="sm-395">
         <name>ADCIntClear</name>
         <value>0x3a87</value>
         <object_component_ref idref="oc-1a8"/>
      </symbol>
      <symbol id="sm-396">
         <name>ADCIntStatus</name>
         <value>0x3359</value>
         <object_component_ref idref="oc-1a2"/>
      </symbol>
      <symbol id="sm-397">
         <name>ADCSequenceDataGet</name>
         <value>0x3691</value>
         <object_component_ref idref="oc-1ae"/>
      </symbol>
      <symbol id="sm-3f4">
         <name>IntIsEnabled</name>
         <value>0x2505</value>
         <object_component_ref idref="oc-714"/>
      </symbol>
      <symbol id="sm-3f5">
         <name>IntEnable</name>
         <value>0x236d</value>
         <object_component_ref idref="oc-4fd"/>
      </symbol>
      <symbol id="sm-3f6">
         <name>IntDisable</name>
         <value>0x2305</value>
         <object_component_ref idref="oc-71a"/>
      </symbol>
      <symbol id="sm-3f7">
         <name>IntMasterDisable</name>
         <value>0x399d</value>
         <object_component_ref idref="oc-1ba"/>
      </symbol>
      <symbol id="sm-3f8">
         <name>IntMasterEnable</name>
         <value>0x39ad</value>
         <object_component_ref idref="oc-1c0"/>
      </symbol>
      <symbol id="sm-42c">
         <name>SysCtlGPIOAHBEnable</name>
         <value>0x3709</value>
         <object_component_ref idref="oc-178"/>
      </symbol>
      <symbol id="sm-42d">
         <name>SysCtlPeripheralEnable</name>
         <value>0x30cd</value>
         <object_component_ref idref="oc-4a3"/>
      </symbol>
      <symbol id="sm-42e">
         <name>SysCtlUSBPLLEnable</name>
         <value>0x38b9</value>
         <object_component_ref idref="oc-4a9"/>
      </symbol>
      <symbol id="sm-42f">
         <name>SysCtlPeripheralReset</name>
         <value>0x28a5</value>
         <object_component_ref idref="oc-49d"/>
      </symbol>
      <symbol id="sm-43c">
         <name>UARTClockSourceSet</name>
         <value>0x3b05</value>
         <object_component_ref idref="oc-274"/>
      </symbol>
      <symbol id="sm-44e">
         <name>CPUcpsie</name>
         <value>0x3a57</value>
         <object_component_ref idref="oc-2c8"/>
      </symbol>
      <symbol id="sm-44f">
         <name>CPUcpsid</name>
         <value>0x3a4b</value>
         <object_component_ref idref="oc-2c1"/>
      </symbol>
      <symbol id="sm-48e">
         <name>g_iUSBMode</name>
         <value>0x20000b94</value>
         <object_component_ref idref="oc-294"/>
      </symbol>
      <symbol id="sm-48f">
         <name>USBStackModeSet</name>
         <value>0x35c5</value>
         <object_component_ref idref="oc-18a"/>
      </symbol>
      <symbol id="sm-490">
         <name>g_ui32WaitTicks</name>
         <value>0x20000b98</value>
         <object_component_ref idref="oc-294"/>
      </symbol>
      <symbol id="sm-4c8">
         <name>g_pfnTickHandlers</name>
         <value>0x20000620</value>
      </symbol>
      <symbol id="sm-4c9">
         <name>g_pvTickInstance</name>
         <value>0x20000638</value>
      </symbol>
      <symbol id="sm-4ca">
         <name>g_ui32USBSOFCount</name>
         <value>0x20000b90</value>
         <object_component_ref idref="oc-155"/>
      </symbol>
      <symbol id="sm-4cb">
         <name>g_bUSBTimerInitialized</name>
         <value>0x20000b88</value>
         <object_component_ref idref="oc-155"/>
      </symbol>
      <symbol id="sm-4cc">
         <name>g_ui32CurrentUSBTick</name>
         <value>0x20000b8c</value>
         <object_component_ref idref="oc-155"/>
      </symbol>
      <symbol id="sm-4cd">
         <name>InternalUSBStartOfFrameTick</name>
         <value>0x2f85</value>
         <object_component_ref idref="oc-12b"/>
      </symbol>
      <symbol id="sm-4ce">
         <name>InternalUSBRegisterTickHandler</name>
         <value>0x2f4d</value>
         <object_component_ref idref="oc-483"/>
      </symbol>
      <symbol id="sm-4cf">
         <name>InternalUSBTickInit</name>
         <value>0x32c9</value>
         <object_component_ref idref="oc-47d"/>
      </symbol>
      <symbol id="sm-66b">
         <name>g_ppsDevInfo</name>
         <value>0x2000067c</value>
      </symbol>
      <symbol id="sm-66c">
         <name>USBDCDSendDataEP0</name>
         <value>0x38e1</value>
         <object_component_ref idref="oc-6b5"/>
      </symbol>
      <symbol id="sm-66d">
         <name>USBDCDStallEP0</name>
         <value>0x3741</value>
         <object_component_ref idref="oc-329"/>
      </symbol>
      <symbol id="sm-66e">
         <name>USBDCDRequestDataEP0</name>
         <value>0x38cd</value>
         <object_component_ref idref="oc-6bc"/>
      </symbol>
      <symbol id="sm-66f">
         <name>USBDeviceEnumHandler</name>
         <value>0x1409</value>
         <object_component_ref idref="oc-143"/>
      </symbol>
      <symbol id="sm-670">
         <name>USBDCDInit</name>
         <value>0x9d1</value>
         <object_component_ref idref="oc-397"/>
      </symbol>
      <symbol id="sm-671">
         <name>USBDeviceEnumResetHandler</name>
         <value>0x2c35</value>
         <object_component_ref idref="oc-11f"/>
      </symbol>
      <symbol id="sm-672">
         <name>g_psDCDInst</name>
         <value>0x20000590</value>
         <object_component_ref idref="oc-152"/>
      </symbol>
      <symbol id="sm-673">
         <name>USBDCDDeviceInfoInit</name>
         <value>0x2d0d</value>
         <object_component_ref idref="oc-471"/>
      </symbol>
      <symbol id="sm-674">
         <name>USBDeviceIntHandlerInternal</name>
         <value>0xc71</value>
         <object_component_ref idref="oc-c1"/>
      </symbol>
      <symbol id="sm-675">
         <name>USBDeviceResumeTickHandler</name>
         <value>0x2945</value>
         <object_component_ref idref="oc-125"/>
      </symbol>
      <symbol id="sm-681">
         <name>USB0DeviceIntHandler</name>
         <value>0x3829</value>
         <object_component_ref idref="oc-45"/>
      </symbol>
      <symbol id="sm-702">
         <name>USBDHIDGamepadCompositeInit</name>
         <value>0x19dd</value>
         <object_component_ref idref="oc-29b"/>
      </symbol>
      <symbol id="sm-703">
         <name>USBDHIDGamepadInit</name>
         <value>0x3329</value>
         <object_component_ref idref="oc-190"/>
      </symbol>
      <symbol id="sm-704">
         <name>USBDHIDGamepadSendReport</name>
         <value>0x2e59</value>
         <object_component_ref idref="oc-1b4"/>
      </symbol>
      <symbol id="sm-727">
         <name>USBDescGet</name>
         <value>0x33b5</value>
         <object_component_ref idref="oc-79c"/>
      </symbol>
      <symbol id="sm-728">
         <name>USBDescGetNum</name>
         <value>0x3437</value>
         <object_component_ref idref="oc-69f"/>
      </symbol>
      <symbol id="sm-86d">
         <name>USBLibDMAInit</name>
         <value>0x871</value>
         <object_component_ref idref="oc-4e5"/>
      </symbol>
      <symbol id="sm-87a">
         <name>ULPIConfigSet</name>
         <value>0x2851</value>
         <object_component_ref idref="oc-4bb"/>
      </symbol>
      <symbol id="sm-8cb">
         <name>USBDCDConfigDescGet</name>
         <value>0x28f5</value>
         <object_component_ref idref="oc-67f"/>
      </symbol>
      <symbol id="sm-8cc">
         <name>USBDCDConfigGetInterface</name>
         <value>0x3725</value>
         <object_component_ref idref="oc-54a"/>
      </symbol>
      <symbol id="sm-8cd">
         <name>USBDCDConfigDescGetSize</name>
         <value>0x37ad</value>
         <object_component_ref idref="oc-336"/>
      </symbol>
      <symbol id="sm-8ce">
         <name>USBDCDConfigGetInterfaceEndpoint</name>
         <value>0x2fbd</value>
         <object_component_ref idref="oc-46b"/>
      </symbol>
      <symbol id="sm-8cf">
         <name>USBDCDConfigDescGetNum</name>
         <value>0x340d</value>
         <object_component_ref idref="oc-544"/>
      </symbol>
      <symbol id="sm-91c">
         <name>USBDeviceConfigAlternate</name>
         <value>0x1cb9</value>
         <object_component_ref idref="oc-550"/>
      </symbol>
      <symbol id="sm-91d">
         <name>USBDeviceConfig</name>
         <value>0xdc1</value>
         <object_component_ref idref="oc-53c"/>
      </symbol>
      <symbol id="sm-a61">
         <name>USBDHIDInit</name>
         <value>0x3555</value>
         <object_component_ref idref="oc-2a1"/>
      </symbol>
      <symbol id="sm-a62">
         <name>USBDHIDReportWrite</name>
         <value>0x2b0f</value>
         <object_component_ref idref="oc-2ba"/>
      </symbol>
      <symbol id="sm-a63">
         <name>g_sHIDHandlers</name>
         <value>0x3c9c</value>
         <object_component_ref idref="oc-489"/>
      </symbol>
      <symbol id="sm-a64">
         <name>USBDHIDCompositeInit</name>
         <value>0x1329</value>
         <object_component_ref idref="oc-381"/>
      </symbol>
      <symbol id="sm-a65">
         <name>g_pui8HIDDeviceDescriptor</name>
         <value>0x20000b75</value>
         <object_component_ref idref="oc-48c"/>
      </symbol>
      <symbol id="sm-a66">
         <name>USBDHIDTxPacketAvailable</name>
         <value>0x39e9</value>
         <object_component_ref idref="oc-2b4"/>
      </symbol>
      <symbol id="sm-ab1">
         <name>uDMAChannelControlSet</name>
         <value>0x35e9</value>
         <object_component_ref idref="oc-6f3"/>
      </symbol>
      <symbol id="sm-ab2">
         <name>uDMAChannelDisable</name>
         <value>0x3871</value>
         <object_component_ref idref="oc-70d"/>
      </symbol>
      <symbol id="sm-ab3">
         <name>uDMAChannelModeGet</name>
         <value>0x352d</value>
         <object_component_ref idref="oc-732"/>
      </symbol>
      <symbol id="sm-ab4">
         <name>uDMAChannelTransferSet</name>
         <value>0x1ed9</value>
         <object_component_ref idref="oc-741"/>
      </symbol>
      <symbol id="sm-ab5">
         <name>uDMAChannelAttributeDisable</name>
         <value>0x2c7d</value>
         <object_component_ref idref="oc-700"/>
      </symbol>
      <symbol id="sm-ab6">
         <name>uDMAChannelEnable</name>
         <value>0x3889</value>
         <object_component_ref idref="oc-726"/>
      </symbol>
      <symbol id="sm-c65">
         <name>USBLPMIntEnable</name>
         <value>0x3a6f</value>
         <object_component_ref idref="oc-4df"/>
      </symbol>
      <symbol id="sm-c66">
         <name>USBEndpointDataAvail</name>
         <value>0x375d</value>
         <object_component_ref idref="oc-5b2"/>
      </symbol>
      <symbol id="sm-c67">
         <name>USBClockEnable</name>
         <value>0x3a91</value>
         <object_component_ref idref="oc-4af"/>
      </symbol>
      <symbol id="sm-c68">
         <name>USBDevDisconnect</name>
         <value>0x3ac3</value>
         <object_component_ref idref="oc-149"/>
      </symbol>
      <symbol id="sm-c69">
         <name>USBDevEndpointStallClear</name>
         <value>0x2b59</value>
         <object_component_ref idref="oc-52a"/>
      </symbol>
      <symbol id="sm-c6a">
         <name>USBEndpointDataPut</name>
         <value>0x3063</value>
         <object_component_ref idref="oc-33c"/>
      </symbol>
      <symbol id="sm-c6b">
         <name>USBDMAChannelIntStatus</name>
         <value>0x3b0b</value>
         <object_component_ref idref="oc-764"/>
      </symbol>
      <symbol id="sm-c6c">
         <name>USBDevAddrSet</name>
         <value>0x3b2b</value>
         <object_component_ref idref="oc-23c"/>
      </symbol>
      <symbol id="sm-c6d">
         <name>USBDMAChannelCountSet</name>
         <value>0x3aaf</value>
         <object_component_ref idref="oc-77f"/>
      </symbol>
      <symbol id="sm-c6e">
         <name>USBLPMIntStatus</name>
         <value>0x3b17</value>
         <object_component_ref idref="oc-131"/>
      </symbol>
      <symbol id="sm-c6f">
         <name>USBDMAChannelAddressSet</name>
         <value>0x3aa5</value>
         <object_component_ref idref="oc-779"/>
      </symbol>
      <symbol id="sm-c70">
         <name>USBULPIDisable</name>
         <value>0x3a21</value>
         <object_component_ref idref="oc-4c1"/>
      </symbol>
      <symbol id="sm-c71">
         <name>USBIntStatusControl</name>
         <value>0x2ff5</value>
         <object_component_ref idref="oc-bb"/>
      </symbol>
      <symbol id="sm-c72">
         <name>USBEndpointDMADisable</name>
         <value>0x357b</value>
         <object_component_ref idref="oc-706"/>
      </symbol>
      <symbol id="sm-c73">
         <name>USBDevEndpointDataAck</name>
         <value>0x3461</value>
         <object_component_ref idref="oc-248"/>
      </symbol>
      <symbol id="sm-c74">
         <name>USBOTGMode</name>
         <value>0x3ae7</value>
         <object_component_ref idref="oc-4c7"/>
      </symbol>
      <symbol id="sm-c75">
         <name>USBDMAChannelConfigSet</name>
         <value>0x38f5</value>
         <object_component_ref idref="oc-785"/>
      </symbol>
      <symbol id="sm-c76">
         <name>USBULPIRegRead</name>
         <value>0x36cd</value>
         <object_component_ref idref="oc-5c0"/>
      </symbol>
      <symbol id="sm-c77">
         <name>USBDevMode</name>
         <value>0x3ad7</value>
         <object_component_ref idref="oc-4cd"/>
      </symbol>
      <symbol id="sm-c78">
         <name>USBIntEnableEndpoint</name>
         <value>0x38a1</value>
         <object_component_ref idref="oc-4f1"/>
      </symbol>
      <symbol id="sm-c79">
         <name>USBEndpointDataGet</name>
         <value>0x2cc5</value>
         <object_component_ref idref="oc-242"/>
      </symbol>
      <symbol id="sm-c7a">
         <name>USBDevEndpointStatusClear</name>
         <value>0x26ed</value>
         <object_component_ref idref="oc-236"/>
      </symbol>
      <symbol id="sm-c7b">
         <name>USBULPIEnable</name>
         <value>0x3a2f</value>
         <object_component_ref idref="oc-4b5"/>
      </symbol>
      <symbol id="sm-c7c">
         <name>USBFIFOAddrGet</name>
         <value>0x3adf</value>
         <object_component_ref idref="oc-73b"/>
      </symbol>
      <symbol id="sm-c7d">
         <name>USBDMAChannelStatus</name>
         <value>0x39f7</value>
         <object_component_ref idref="oc-75d"/>
      </symbol>
      <symbol id="sm-c7e">
         <name>USBULPIRegWrite</name>
         <value>0x36eb</value>
         <object_component_ref idref="oc-5c6"/>
      </symbol>
      <symbol id="sm-c7f">
         <name>USBDMAChannelIntEnable</name>
         <value>0x398b</value>
         <object_component_ref idref="oc-76b"/>
      </symbol>
      <symbol id="sm-c80">
         <name>USBDevLPMConfig</name>
         <value>0x3b11</value>
         <object_component_ref idref="oc-4d9"/>
      </symbol>
      <symbol id="sm-c81">
         <name>USBDevLPMEnable</name>
         <value>0x3a13</value>
         <object_component_ref idref="oc-137"/>
      </symbol>
      <symbol id="sm-c82">
         <name>USBControllerVersion</name>
         <value>0x3a9b</value>
         <object_component_ref idref="oc-5d4"/>
      </symbol>
      <symbol id="sm-c83">
         <name>USBFIFOConfigSet</name>
         <value>0x2f11</value>
         <object_component_ref idref="oc-697"/>
      </symbol>
      <symbol id="sm-c84">
         <name>USBEndpointDMAEnable</name>
         <value>0x359f</value>
         <object_component_ref idref="oc-720"/>
      </symbol>
      <symbol id="sm-c85">
         <name>USBDevLPMDisable</name>
         <value>0x3a05</value>
         <object_component_ref idref="oc-4d3"/>
      </symbol>
      <symbol id="sm-c86">
         <name>USBEndpointDataSend</name>
         <value>0x3101</value>
         <object_component_ref idref="oc-342"/>
      </symbol>
      <symbol id="sm-c87">
         <name>USBIntStatusEndpoint</name>
         <value>0x3acd</value>
         <object_component_ref idref="oc-13d"/>
      </symbol>
      <symbol id="sm-c88">
         <name>USBEndpointStatus</name>
         <value>0x39bd</value>
         <object_component_ref idref="oc-230"/>
      </symbol>
      <symbol id="sm-c89">
         <name>USBEndpointPacketCountSet</name>
         <value>0x3a63</value>
         <object_component_ref idref="oc-747"/>
      </symbol>
      <symbol id="sm-c8a">
         <name>USBDMAChannelIntDisable</name>
         <value>0x3979</value>
         <object_component_ref idref="oc-772"/>
      </symbol>
      <symbol id="sm-c8b">
         <name>USBEndpointDMAConfigSet</name>
         <value>0x2a2d</value>
         <object_component_ref idref="oc-74d"/>
      </symbol>
      <symbol id="sm-c8c">
         <name>USBDevEndpointStall</name>
         <value>0x3233</value>
         <object_component_ref idref="oc-407"/>
      </symbol>
      <symbol id="sm-c8d">
         <name>USBDevConnect</name>
         <value>0x3ab9</value>
         <object_component_ref idref="oc-4f7"/>
      </symbol>
      <symbol id="sm-c8e">
         <name>USBDevEndpointConfigSet</name>
         <value>0x1fdd</value>
         <object_component_ref idref="oc-68b"/>
      </symbol>
      <symbol id="sm-c8f">
         <name>USBDMAChannelDisable</name>
         <value>0x3955</value>
         <object_component_ref idref="oc-756"/>
      </symbol>
      <symbol id="sm-c90">
         <name>USBDMAChannelEnable</name>
         <value>0x3967</value>
         <object_component_ref idref="oc-78b"/>
      </symbol>
      <symbol id="sm-c91">
         <name>USBHostResume</name>
         <value>0x3909</value>
         <object_component_ref idref="oc-221"/>
      </symbol>
      <symbol id="sm-c92">
         <name>USBIntEnableControl</name>
         <value>0x3505</value>
         <object_component_ref idref="oc-4eb"/>
      </symbol>
      <symbol id="sm-c93">
         <name>USBEndpointDMAChannel</name>
         <value>0x37c7</value>
         <object_component_ref idref="oc-6fa"/>
      </symbol>
      <symbol id="sm-c94">
         <name>__TI_static_base__</name>
         <value>0x0</value>
      </symbol>
      <symbol id="sm-c97">
         <name>__mpu_init</name>
         <value>0x0</value>
      </symbol>
      <symbol id="sm-c98">
         <name>_system_post_cinit</name>
         <value>0x0</value>
      </symbol>
   </symbol_table>
   <title>Link successful</title>
</link_info>
